[plan] total=75 skipped=1 todo=74 dl_workers=2 tr_workers=4
D:\development-projects\study-projects\BiliNote-analysis\backend\.venv\Lib\site-packages\ctranslate2\__init__.py:8: UserWarning: pkg_resources is deprecated as an API. See https://setuptools.pypa.io/en/latest/pkg_resources.html. The pkg_resources package is slated for removal as early as 2025-11-30. Refrain from using this package or pin to Setuptools<81.
  import pkg_resources
[progress] dl_ok=74 dl_err=0 tr_ok=0 tr_err=0
[tr-OK] BV1qrET6AEAX (tr_ok=1)
[tr-OK] BV1ju5r6EEDN (tr_ok=2)
[tr-OK] BV129P5z7EBJ (tr_ok=3)
[tr-OK] BV1MURRB6Enu (tr_ok=4)
[tr-OK] BV1AuAVzvEE3 (tr_ok=5)
[tr-OK] BV1iCu46cEQR (tr_ok=6)
[tr-OK] BV1YRkuBRERV (tr_ok=7)
[tr-OK] BV1ekKL6HEEG (tr_ok=8)
[tr-OK] BV1M9moB8EDK (tr_ok=9)
[tr-OK] BV17rCwBLEUG (tr_ok=10)
[tr-OK] BV1wJZEBvEHM (tr_ok=11)
[tr-OK] BV1HndbBoEUJ (tr_ok=12)
[tr-OK] BV1pA2KBBErT (tr_ok=13)
[tr-OK] BV1K94ezbEYH (tr_ok=14)
[tr-OK] BV1WLHdzKE3V (tr_ok=15)
[tr-OK] BV1CvbeztEbv (tr_ok=16)
[tr-OK] BV1mDt6zmELN (tr_ok=17)
[tr-OK] BV19Ju5zMEUo (tr_ok=18)
[tr-OK] BV15AEnz2EdG (tr_ok=19)
[tr-OK] BV1RrMnzWEEx (tr_ok=20)
[tr-OK] BV1kPVXzqEyd (tr_ok=21)
[tr-OK] BV1AjXuYBEhc (tr_ok=22)
[tr-OK] BV1Dzo3YNECZ (tr_ok=23)
[tr-OK] BV1RXAQeuEZp (tr_ok=24)
[tr-OK] BV18JF9efE1R (tr_ok=25)
[tr-OK] BV1hYmSYnEE7 (tr_ok=26)
[tr-OK] BV14uqvY5ESv (tr_ok=27)
[tr-OK] BV1smm7YDE7g (tr_ok=28)
[tr-OK] BV1zGDeY8ENM (tr_ok=29)
[tr-OK] BV1ei421a7ze (tr_ok=30)
[tr-OK] BV1VzpJetEKS (tr_ok=31)
[tr-OK] BV182421Z7nc (tr_ok=32)
[tr-OK] BV15S411w73e (tr_ok=33)
[tr-OK] BV1kn4y197hi (tr_ok=34)
[tr-OK] BV1DJ4m1P7bV (tr_ok=35)
[tr-OK] BV1AJ4m1J7Z5 (tr_ok=36)
[tr-OK] BV1cp421X7Wt (tr_ok=37)
[tr-OK] BV1LZ421S7f4 (tr_ok=38)
[tr-OK] BV14i421d7Fx (tr_ok=39)
[tr-OK] BV1qt4y1R7LK (tr_ok=40)
[tr-OK] BV1Up421o79q (tr_ok=41)
[tr-OK] BV1gQ4y1b7aQ (tr_ok=42)
[tr-OK] BV1Xu4y1M7yc (tr_ok=43)
[tr-OK] BV1Dg4y1R7dy (tr_ok=44)
[tr-OK] BV1hz4y1W7yg (tr_ok=45)
[tr-OK] BV1Cm4y1g7AQ (tr_ok=46)
[tr-OK] BV1oF411S78q (tr_ok=47)
[tr-OK] BV1zu411Y7mk (tr_ok=48)
[tr-OK] BV1kV4y187wU (tr_ok=49)
[tr-OK] BV1vN411h7dh (tr_ok=50)
[tr-OK] BV1ZM4y1b7sz (tr_ok=51)
[tr-OK] BV1yT411b7ZD (tr_ok=52)
[tr-OK] BV1xg4y1u7hk (tr_ok=53)
[tr-OK] BV1VY4y197AG (tr_ok=54)
[tr-OK] BV1Aj411K7SH (tr_ok=55)
[tr-OK] BV13T41117Nc (tr_ok=56)
[tr-OK] BV1uR4y1Y7Nq (tr_ok=57)
[tr-OK] BV1Le411A7jA (tr_ok=58)
[tr-OK] BV1gd4y1F7LE (tr_ok=59)
[tr-OK] BV1FP411E7MB (tr_ok=60)
[tr-OK] BV1je4y117Rb (tr_ok=61)
[tr-OK] BV1DB4y1J7Yq (tr_ok=62)
[tr-OK] BV1rB4y1B7k7 (tr_ok=63)
[tr-OK] BV1rG4y1v7re (tr_ok=64)
[tr-OK] BV1AN4y1L7aV (tr_ok=65)
[tr-OK] BV15T411A7Lb (tr_ok=66)
[tr-OK] BV1gS4y1H7Y5 (tr_ok=67)
[tr-OK] BV1z3411g7Eh (tr_ok=68)
[tr-OK] BV1J44y137Br (tr_ok=69)
[tr-OK] BV16Z4y1h7gf (tr_ok=70)
[tr-OK] BV1ea411e72N (tr_ok=71)
[tr-OK] BV1N3411v7pb (tr_ok=72)
[tr-OK] BV1pa41187VX (tr_ok=73)
[tr-OK] BV19q4y1t7XE (tr_ok=74)
[progress] dl_ok=74 dl_err=0 tr_ok=74 tr_err=0
[done] dl_ok=74 dl_err=0 tr_ok=74 tr_err=0
